Archive member included to satisfy reference by file (symbol)

/home/chris/dev/bin/../lib/gcc/arm-none-eabi/7.3.1/thumb/v7e-m/libgcc.a(_aeabi_uldivmod.o)
                              src/cf/forth.o (__aeabi_uldivmod)
/home/chris/dev/bin/../lib/gcc/arm-none-eabi/7.3.1/thumb/v7e-m/libgcc.a(_udivmoddi4.o)
                              /home/chris/dev/bin/../lib/gcc/arm-none-eabi/7.3.1/thumb/v7e-m/libgcc.a(_aeabi_uldivmod.o) (__udivmoddi4)
/home/chris/dev/bin/../lib/gcc/arm-none-eabi/7.3.1/thumb/v7e-m/libgcc.a(_dvmd_tls.o)
                              /home/chris/dev/bin/../lib/gcc/arm-none-eabi/7.3.1/thumb/v7e-m/libgcc.a(_aeabi_uldivmod.o) (__aeabi_ldiv0)
/home/chris/dev/bin/../lib/gcc/arm-none-eabi/7.3.1/../../../../arm-none-eabi/lib/thumb/v7e-m/libc_nano.a(lib_a-exit.o)
                              /home/chris/dev/bin/../lib/gcc/arm-none-eabi/7.3.1/../../../../arm-none-eabi/lib/thumb/v7e-m/crt0.o (exit)
/home/chris/dev/bin/../lib/gcc/arm-none-eabi/7.3.1/../../../../arm-none-eabi/lib/thumb/v7e-m/libc_nano.a(lib_a-impure.o)
                              /home/chris/dev/bin/../lib/gcc/arm-none-eabi/7.3.1/../../../../arm-none-eabi/lib/thumb/v7e-m/libc_nano.a(lib_a-exit.o) (_global_impure_ptr)
/home/chris/dev/bin/../lib/gcc/arm-none-eabi/7.3.1/../../../../arm-none-eabi/lib/thumb/v7e-m/libc_nano.a(lib_a-init.o)
                              /home/chris/dev/bin/../lib/gcc/arm-none-eabi/7.3.1/../../../../arm-none-eabi/lib/thumb/v7e-m/crt0.o (__libc_init_array)
/home/chris/dev/bin/../lib/gcc/arm-none-eabi/7.3.1/../../../../arm-none-eabi/lib/thumb/v7e-m/libc_nano.a(lib_a-memcpy-stub.o)
                              hpl/usb/hpl_usb.o (memcpy)
/home/chris/dev/bin/../lib/gcc/arm-none-eabi/7.3.1/../../../../arm-none-eabi/lib/thumb/v7e-m/libc_nano.a(lib_a-memmove.o)
                              src/cf/forth.o (memmove)
/home/chris/dev/bin/../lib/gcc/arm-none-eabi/7.3.1/../../../../arm-none-eabi/lib/thumb/v7e-m/libc_nano.a(lib_a-memset.o)
                              /home/chris/dev/bin/../lib/gcc/arm-none-eabi/7.3.1/../../../../arm-none-eabi/lib/thumb/v7e-m/crt0.o (memset)
/home/chris/dev/bin/../lib/gcc/arm-none-eabi/7.3.1/../../../../arm-none-eabi/lib/thumb/v7e-m/libc_nano.a(lib_a-printf.o)
                              hal/utils/src/utils_syscalls.o (printf)
/home/chris/dev/bin/../lib/gcc/arm-none-eabi/7.3.1/../../../../arm-none-eabi/lib/thumb/v7e-m/libc_nano.a(lib_a-sprintf.o)
                              src/cf/forth.o (sprintf)
/home/chris/dev/bin/../lib/gcc/arm-none-eabi/7.3.1/../../../../arm-none-eabi/lib/thumb/v7e-m/libc_nano.a(lib_a-strcpy.o)
                              src/cf/forth.o (strcpy)
/home/chris/dev/bin/../lib/gcc/arm-none-eabi/7.3.1/../../../../arm-none-eabi/lib/thumb/v7e-m/libc_nano.a(lib_a-strlen.o)
                              src/cf/forth.o (strlen)
/home/chris/dev/bin/../lib/gcc/arm-none-eabi/7.3.1/../../../../arm-none-eabi/lib/thumb/v7e-m/libc_nano.a(lib_a-findfp.o)
                              /home/chris/dev/bin/../lib/gcc/arm-none-eabi/7.3.1/../../../../arm-none-eabi/lib/thumb/v7e-m/libc_nano.a(lib_a-printf.o) (__sinit)
/home/chris/dev/bin/../lib/gcc/arm-none-eabi/7.3.1/../../../../arm-none-eabi/lib/thumb/v7e-m/libc_nano.a(lib_a-fwalk.o)
                              /home/chris/dev/bin/../lib/gcc/arm-none-eabi/7.3.1/../../../../arm-none-eabi/lib/thumb/v7e-m/libc_nano.a(lib_a-findfp.o) (_fwalk)
/home/chris/dev/bin/../lib/gcc/arm-none-eabi/7.3.1/../../../../arm-none-eabi/lib/thumb/v7e-m/libc_nano.a(lib_a-nano-mallocr.o)
                              /home/chris/dev/bin/../lib/gcc/arm-none-eabi/7.3.1/../../../../arm-none-eabi/lib/thumb/v7e-m/libc_nano.a(lib_a-findfp.o) (_malloc_r)
/home/chris/dev/bin/../lib/gcc/arm-none-eabi/7.3.1/../../../../arm-none-eabi/lib/thumb/v7e-m/libc_nano.a(lib_a-nano-svfprintf.o)
                              /home/chris/dev/bin/../lib/gcc/arm-none-eabi/7.3.1/../../../../arm-none-eabi/lib/thumb/v7e-m/libc_nano.a(lib_a-sprintf.o) (_svfprintf_r)
/home/chris/dev/bin/../lib/gcc/arm-none-eabi/7.3.1/../../../../arm-none-eabi/lib/thumb/v7e-m/libc_nano.a(lib_a-nano-vfprintf.o)
                              /home/chris/dev/bin/../lib/gcc/arm-none-eabi/7.3.1/../../../../arm-none-eabi/lib/thumb/v7e-m/libc_nano.a(lib_a-printf.o) (_vfprintf_r)
/home/chris/dev/bin/../lib/gcc/arm-none-eabi/7.3.1/../../../../arm-none-eabi/lib/thumb/v7e-m/libc_nano.a(lib_a-nano-vfprintf_i.o)
                              /home/chris/dev/bin/../lib/gcc/arm-none-eabi/7.3.1/../../../../arm-none-eabi/lib/thumb/v7e-m/libc_nano.a(lib_a-nano-svfprintf.o) (_printf_i)
/home/chris/dev/bin/../lib/gcc/arm-none-eabi/7.3.1/../../../../arm-none-eabi/lib/thumb/v7e-m/libc_nano.a(lib_a-sbrkr.o)
                              /home/chris/dev/bin/../lib/gcc/arm-none-eabi/7.3.1/../../../../arm-none-eabi/lib/thumb/v7e-m/libc_nano.a(lib_a-nano-mallocr.o) (_sbrk_r)
/home/chris/dev/bin/../lib/gcc/arm-none-eabi/7.3.1/../../../../arm-none-eabi/lib/thumb/v7e-m/libc_nano.a(lib_a-stdio.o)
[...]
Memory Configuration

Name             Origin             Length             Attributes
rom              0x0000000000004000 0x000000000007c000 xr
ram              0x0000000020000000 0x0000000000030000 xrw
bkupram          0x0000000047000000 0x0000000000002000 xrw
qspi             0x0000000004000000 0x0000000001000000 xrw
*default*        0x0000000000000000 0xffffffffffffffff

Linker script and memory map

LOAD /home/chris/dev/bin/../lib/gcc/arm-none-eabi/7.3.1/thumb/v7e-m/crti.o
LOAD /home/chris/dev/bin/../lib/gcc/arm-none-eabi/7.3.1/thumb/v7e-m/crtbegin.o
LOAD /home/chris/dev/bin/../lib/gcc/arm-none-eabi/7.3.1/../../../../arm-none-eabi/lib/thumb/v7e-m/crt0.o
LOAD hal/src/hal_io.o
LOAD samd51a/gcc/system_samd51.o
LOAD hpl/core/hpl_core_m4.o
LOAD usb/class/cdc/device/cdcdf_acm.o
LOAD hal/utils/src/utils_syscalls.o
LOAD hpl/dmac/hpl_dmac.o
LOAD hpl/usb/hpl_usb.o
LOAD hal/src/hal_delay.o
LOAD hpl/pm/hpl_pm.o
LOAD hpl/core/hpl_init.o
LOAD hpl/gclk/hpl_gclk.o
LOAD hal/utils/src/utils_list.o
LOAD hal/utils/src/utils_assert.o
LOAD usb_support.o
LOAD hpl/oscctrl/hpl_oscctrl.o
LOAD hpl/mclk/hpl_mclk.o
LOAD hpl/ramecc/hpl_ramecc.o
LOAD usb/usb_protocol.o
LOAD hal/src/hal_init.o
LOAD hal/src/hal_usb_device.o
LOAD hpl/osc32kctrl/hpl_osc32kctrl.o
LOAD examples/driver_examples.o
LOAD driver_init.o
LOAD hal/src/hal_gpio.o
LOAD hal/utils/src/utils_event.o
LOAD hal/src/hal_sleep.o
LOAD hal/src/hal_cache.o
LOAD hpl/cmcc/hpl_cmcc.o
LOAD samd51a/gcc/gcc/startup_samd51.o
LOAD atmel_start.o
LOAD usb/device/usbdc.o
LOAD hal/src/hal_atomic.o
LOAD src/cf/forth.o
LOAD main.o
START GROUP
LOAD /home/chris/dev/bin/../lib/gcc/arm-none-eabi/7.3.1/../../../../arm-none-eabi/lib/thumb/v7e-m/libm.a
END GROUP
START GROUP
LOAD /home/chris/dev/bin/../lib/gcc/arm-none-eabi/7.3.1/thumb/v7e-m/libgcc.a
LOAD /home/chris/dev/bin/../lib/gcc/arm-none-eabi/7.3.1/../../../../arm-none-eabi/lib/thumb/v7e-m/libc_nano.a
END GROUP
START GROUP
LOAD /home/chris/dev/bin/../lib/gcc/arm-none-eabi/7.3.1/thumb/v7e-m/libgcc.a
LOAD /home/chris/dev/bin/../lib/gcc/arm-none-eabi/7.3.1/../../../../arm-none-eabi/lib/thumb/v7e-m/libc_nano.a
END GROUP
LOAD /home/chris/dev/bin/../lib/gcc/arm-none-eabi/7.3.1/thumb/v7e-m/crtend.o
LOAD /home/chris/dev/bin/../lib/gcc/arm-none-eabi/7.3.1/thumb/v7e-m/crtn.o
                0x000000000000c000                STACK_SIZE = DEFINED (STACK_SIZE)?STACK_SIZE:DEFINED (__stack_size__)?__stack_size__:0xc000

.text           0x0000000000004000     0x4dd4
                0x0000000000004000                . = ALIGN (0x4)
                0x0000000000004000                _sfixed = .
 *(.vectors .vectors.*)
 .vectors       0x0000000000004000      0x264 samd51a/gcc/gcc/startup_samd51.o
                0x0000000000004000                exception_table
 *(.text .text.* .gnu.linkonce.t.*)
 .text          0x0000000000004264       0x40 /home/chris/dev/bin/../lib/gcc/arm-none-eabi/7.3.1/thumb/v7e-m/crtbegin.o
 .text.cdcdf_acm_req
                0x00000000000042a4       0xd8 usb/class/cdc/device/cdcdf_acm.o
 .text.cdcdf_acm_ctrl
                0x000000000000437c      0x130 usb/class/cdc/device/cdcdf_acm.o
 .text.cdcdf_acm_init
                0x00000000000044ac       0x44 usb/class/cdc/device/cdcdf_acm.o
                0x00000000000044ac                cdcdf_acm_init
 .text.cdcdf_acm_read
                0x00000000000044f0       0x2c usb/class/cdc/device/cdcdf_acm.o
                0x00000000000044f0                cdcdf_acm_read
 .text.cdcdf_acm_write
                0x000000000000451c       0x2c usb/class/cdc/device/cdcdf_acm.o
                0x000000000000451c                cdcdf_acm_write
 .text.cdcdf_acm_register_callback
                0x0000000000004548       0x40 usb/class/cdc/device/cdcdf_acm.o
                0x0000000000004548                cdcdf_acm_register_callback
 .text.cdcdf_acm_is_enabled
                0x0000000000004588        0xc usb/class/cdc/device/cdcdf_acm.o
                0x0000000000004588                cdcdf_acm_is_enabled
 .text._sbrk    0x0000000000004594       0x1c hal/utils/src/utils_syscalls.o
                0x0000000000004594                _sbrk
 .text._dummy_func_no_return
                0x00000000000045b0        0x4 hpl/usb/hpl_usb.o
 .text._usb_d_dev_wait_dfll_rdy
                0x00000000000045b4       0x24 hpl/usb/hpl_usb.o
 .text._usb_d_dev_ept
                0x00000000000045d8       0x18 hpl/usb/hpl_usb.o
 .text._usb_d_dev_handle_setup
                0x00000000000045f0       0x84 hpl/usb/hpl_usb.o
 .text._usb_d_dev_handle_stall
                0x0000000000004674       0x28 hpl/usb/hpl_usb.o
 .text._usb_d_dev_trans_done
                0x000000000000469c       0x24 hpl/usb/hpl_usb.o
 .text._usb_d_dev_trans_stop
                0x00000000000046c0       0x60 hpl/usb/hpl_usb.o
 .text._usb_d_dev_handle_trfail
                0x0000000000004720       0xdc hpl/usb/hpl_usb.o
 .text._usb_d_dev_reset_epts
                0x00000000000047fc       0x3c hpl/usb/hpl_usb.o
 .text._usb_d_dev_in_next
                0x0000000000004838      0x15c hpl/usb/hpl_usb.o
 .text._usb_d_dev_out_next
                0x0000000000004994      0x1ac hpl/usb/hpl_usb.o
 .text._usb_d_dev_handler
                0x0000000000004b40      0x1e0 hpl/usb/hpl_usb.o
 .text._usbd_ep_pcksize_size
                0x0000000000004d20       0x3e hpl/usb/hpl_usb.o
 *fill*         0x0000000000004d5e        0x2 
 .text._usb_d_dev_init
                0x0000000000004d60       0xdc hpl/usb/hpl_usb.o
                0x0000000000004d60                _usb_d_dev_init
 .text._usb_d_dev_enable
                0x0000000000004e3c       0x5c hpl/usb/hpl_usb.o
                0x0000000000004e3c                _usb_d_dev_enable
 .text._usb_d_dev_attach
                0x0000000000004e98       0x12 hpl/usb/hpl_usb.o
                0x0000000000004e98                _usb_d_dev_attach
 .text._usb_d_dev_set_address
                0x0000000000004eaa        0xc hpl/usb/hpl_usb.o
                0x0000000000004eaa                _usb_d_dev_set_address
 *fill*         0x0000000000004eb6        0x2 
 .text._usb_d_dev_ep_init
                0x0000000000004eb8       0xb8 hpl/usb/hpl_usb.o
                0x0000000000004eb8                _usb_d_dev_ep_init
 .text._usb_d_dev_ep_deinit
                0x0000000000004f70       0x7c hpl/usb/hpl_usb.o
                0x0000000000004f70                _usb_d_dev_ep_deinit
 .text._usb_d_dev_ep_enable
                0x0000000000004fec      0x16c hpl/usb/hpl_usb.o
                0x0000000000004fec                _usb_d_dev_ep_enable
 .text._usb_d_dev_ep_stall
                0x0000000000005158       0xd0 hpl/usb/hpl_usb.o
                0x0000000000005158                _usb_d_dev_ep_stall
 .text._usb_d_dev_ep_read_req
                0x0000000000005228       0x54 hpl/usb/hpl_usb.o
                0x0000000000005228                _usb_d_dev_ep_read_req
 .text._usb_d_dev_ep_trans
                0x000000000000527c      0x104 hpl/usb/hpl_usb.o
                0x000000000000527c                _usb_d_dev_ep_trans
 .text._usb_d_dev_register_callback
                0x0000000000005380       0x24 hpl/usb/hpl_usb.o
                0x0000000000005380                _usb_d_dev_register_callback
 .text._usb_d_dev_register_ep_callback
                0x00000000000053a4       0x2c hpl/usb/hpl_usb.o
                0x00000000000053a4                _usb_d_dev_register_ep_callback
 .text.USB_0_Handler
                0x00000000000053d0        0x8 hpl/usb/hpl_usb.o
                0x00000000000053d0                USB_0_Handler
 .text.USB_1_Handler
                0x00000000000053d8        0x8 hpl/usb/hpl_usb.o
                0x00000000000053d8                USB_1_Handler
 .text.USB_2_Handler
                0x00000000000053e0        0x8 hpl/usb/hpl_usb.o
                0x00000000000053e0                USB_2_Handler
 .text.USB_3_Handler
                0x00000000000053e8        0x8 hpl/usb/hpl_usb.o
                0x00000000000053e8                USB_3_Handler
 .text.is_list_element
                0x00000000000053f0        0xe hal/utils/src/utils_list.o
                0x00000000000053f0                is_list_element
 *fill*         0x00000000000053fe        0x2 
 .text.list_insert_at_end
                0x0000000000005400       0x3c hal/utils/src/utils_list.o
                0x0000000000005400                list_insert_at_end
 .text.assert   0x000000000000543c        0x6 hal/utils/src/utils_assert.o
                0x000000000000543c                assert
 .text.usb_device_cb_bulk_in
                0x0000000000005442        0x4 usb_support.o
 *fill*         0x0000000000005446        0x2 
 .text.usb_device_cb_bulk_out
                0x0000000000005448       0x18 usb_support.o
 .text.usb_device_cb_state_c
                0x0000000000005460       0x3c usb_support.o
 .text.cdc_device_acm_init
                0x000000000000549c       0x34 usb_support.o
                0x000000000000549c                cdc_device_acm_init
 .text.cdcd_acm_example
                0x00000000000054d0       0x28 usb_support.o
                0x00000000000054d0                cdcd_acm_example
 .text.usb_init
                0x00000000000054f8        0x8 usb_support.o
                0x00000000000054f8                usb_init
 .text.RAMECC_Handler
                0x0000000000005500       0x38 hpl/ramecc/hpl_ramecc.o
                0x0000000000005500                RAMECC_Handler
 .text.usb_find_desc
                0x0000000000005538       0x1a usb/usb_protocol.o
                0x0000000000005538                usb_find_desc
 .text.usb_find_ep_desc
                0x0000000000005552       0x1c usb/usb_protocol.o
                0x0000000000005552                usb_find_ep_desc
 *fill*         0x000000000000556e        0x2 
 .text.usb_find_cfg_desc
                0x0000000000005570       0x3c usb/usb_protocol.o
                0x0000000000005570                usb_find_cfg_desc
 .text.usb_find_str_desc
                0x00000000000055ac       0x30 usb/usb_protocol.o
                0x00000000000055ac                usb_find_str_desc
 .text._usb_d_find_ep
                0x00000000000055dc       0x30 hal/src/hal_usb_device.o
 .text.usb_d_dummy_cb_false
                0x000000000000560c        0x4 hal/src/hal_usb_device.o
 .text.usb_d_cb_trans_more
                0x0000000000005610       0x30 hal/src/hal_usb_device.o
 .text._usb_d_cb_trans_done
                0x0000000000005640       0xf4 hal/src/hal_usb_device.o
 .text.usb_d_cb_trans_setup
                0x0000000000005734       0x7c hal/src/hal_usb_device.o
 .text.usb_d_init
                0x00000000000057b0       0x64 hal/src/hal_usb_device.o
                0x00000000000057b0                usb_d_init
 .text.usb_d_register_callback
                0x0000000000005814        0x8 hal/src/hal_usb_device.o
                0x0000000000005814                usb_d_register_callback
 .text.usb_d_enable
                0x000000000000581c        0x8 hal/src/hal_usb_device.o
                0x000000000000581c                usb_d_enable
 .text.usb_d_attach
                0x0000000000005824        0x8 hal/src/hal_usb_device.o
                0x0000000000005824                usb_d_attach
 .text.usb_d_set_address
                0x000000000000582c        0x8 hal/src/hal_usb_device.o
                0x000000000000582c                usb_d_set_address
 .text.usb_d_ep_init
                0x0000000000005834       0x50 hal/src/hal_usb_device.o
                0x0000000000005834                usb_d_ep_init
 .text.usb_d_ep0_init
                0x0000000000005884       0x10 hal/src/hal_usb_device.o
                0x0000000000005884                usb_d_ep0_init
 .text.usb_d_ep_deinit
                0x0000000000005894       0x2c hal/src/hal_usb_device.o
                0x0000000000005894                usb_d_ep_deinit
 .text.usb_d_ep_enable
                0x00000000000058c0       0x40 hal/src/hal_usb_device.o
                0x00000000000058c0                usb_d_ep_enable
 .text.usb_d_ep_transfer
                0x0000000000005900       0xf8 hal/src/hal_usb_device.o
                0x0000000000005900                usb_d_ep_transfer
 .text.usb_d_ep_halt
                0x00000000000059f8       0x64 hal/src/hal_usb_device.o
                0x00000000000059f8                usb_d_ep_halt
 .text.usb_d_ep_register_callback
                0x0000000000005a5c       0x4c hal/src/hal_usb_device.o
                0x0000000000005a5c                usb_d_ep_register_callback
 .text._gpio_set_direction.constprop.3
                0x0000000000005aa8       0x1e driver_init.o
 *fill*         0x0000000000005ac6        0x2 
 .text.TARGET_USB_PORT_init
                0x0000000000005ac8       0x84 driver_init.o
                0x0000000000005ac8                TARGET_USB_PORT_init
 .text.TARGET_USB_CLOCK_init
                0x0000000000005b4c       0x24 driver_init.o
                0x0000000000005b4c                TARGET_USB_CLOCK_init
 .text.TARGET_USB_init
                0x0000000000005b70       0x20 driver_init.o
                0x0000000000005b70                TARGET_USB_init
 .text.system_init
                0x0000000000005b90       0x5c driver_init.o
                0x0000000000005b90                system_init
 .text.Dummy_Handler
                0x0000000000005bec        0x2 samd51a/gcc/gcc/startup_samd51.o
                0x0000000000005bec                EIC_5_Handler
                0x0000000000005bec                SVCall_Handler
                0x0000000000005bec                SERCOM0_2_Handler
                0x0000000000005bec                EIC_13_Handler
                0x0000000000005bec                EVSYS_0_Handler
                0x0000000000005bec                TCC1_3_Handler
                0x0000000000005bec                DAC_3_Handler
                0x0000000000005bec                TRNG_Handler
                0x0000000000005bec                HardFault_Handler
                0x0000000000005bec                TC2_Handler
                0x0000000000005bec                PDEC_2_Handler
                0x0000000000005bec                EIC_4_Handler
                0x0000000000005bec                AC_Handler
                0x0000000000005bec                SERCOM3_1_Handler
                0x0000000000005bec                SysTick_Handler
                0x0000000000005bec                TCC2_3_Handler
                0x0000000000005bec                SERCOM3_2_Handler
                0x0000000000005bec                PendSV_Handler
                0x0000000000005bec                ADC1_1_Handler
                0x0000000000005bec                EVSYS_3_Handler
                0x0000000000005bec                PDEC_0_Handler
                0x0000000000005bec                QSPI_Handler
                0x0000000000005bec                NonMaskableInt_Handler
                0x0000000000005bec                TCC0_0_Handler
                0x0000000000005bec                EIC_3_Handler
                0x0000000000005bec                MemManagement_Handler
                0x0000000000005bec                DAC_2_Handler
                0x0000000000005bec                SERCOM0_0_Handler
                0x0000000000005bec                RTC_Handler
                0x0000000000005bec                UsageFault_Handler
                0x0000000000005bec                SERCOM4_0_Handler
                0x0000000000005bec                EIC_10_Handler
                0x0000000000005bec                SERCOM0_3_Handler
                0x0000000000005bec                EIC_11_Handler
                0x0000000000005bec                EIC_9_Handler
                0x0000000000005bec                OSC32KCTRL_Handler
                0x0000000000005bec                TCC2_1_Handler
                0x0000000000005bec                SUPC_1_Handler
                0x0000000000005bec                TCC0_5_Handler
                0x0000000000005bec                TCC0_6_Handler
                0x0000000000005bec                EVSYS_1_Handler
                0x0000000000005bec                TCC1_4_Handler
                0x0000000000005bec                DMAC_0_Handler
                0x0000000000005bec                WDT_Handler
                0x0000000000005bec                EIC_8_Handler
                0x0000000000005bec                EIC_15_Handler
                0x0000000000005bec                SERCOM5_0_Handler
                0x0000000000005bec                TC1_Handler
                0x0000000000005bec                OSCCTRL_4_Handler
                0x0000000000005bec                SERCOM4_3_Handler
                0x0000000000005bec                EIC_12_Handler
                0x0000000000005bec                DMAC_4_Handler
                0x0000000000005bec                PAC_Handler
                0x0000000000005bec                TCC1_0_Handler
                0x0000000000005bec                OSCCTRL_0_Handler
                0x0000000000005bec                EIC_0_Handler
                0x0000000000005bec                OSCCTRL_3_Handler
                0x0000000000005bec                SERCOM4_1_Handler
                0x0000000000005bec                TC3_Handler
                0x0000000000005bec                Dummy_Handler
                0x0000000000005bec                TCC2_2_Handler
                0x0000000000005bec                SERCOM5_1_Handler
                0x0000000000005bec                TCC1_1_Handler
                0x0000000000005bec                DMAC_2_Handler
                0x0000000000005bec                ADC0_0_Handler
                0x0000000000005bec                SERCOM0_1_Handler
                0x0000000000005bec                OSCCTRL_2_Handler
                0x0000000000005bec                ADC1_0_Handler
                0x0000000000005bec                TCC1_2_Handler
                0x0000000000005bec                PM_Handler
                0x0000000000005bec                SERCOM2_3_Handler
                0x0000000000005bec                DAC_4_Handler
                0x0000000000005bec                TCC0_2_Handler
                0x0000000000005bec                DMAC_1_Handler
                0x0000000000005bec                TCC2_0_Handler
                0x0000000000005bec                PDEC_1_Handler
                0x0000000000005bec                SERCOM5_3_Handler
                0x0000000000005bec                SDHC0_Handler
                0x0000000000005bec                SERCOM1_1_Handler
                0x0000000000005bec                EIC_2_Handler
                0x0000000000005bec                PCC_Handler
                0x0000000000005bec                DAC_0_Handler
                0x0000000000005bec                TCC0_1_Handler
                0x0000000000005bec                SERCOM1_3_Handler
                0x0000000000005bec                EIC_6_Handler
                0x0000000000005bec                OSCCTRL_1_Handler
                0x0000000000005bec                SERCOM1_0_Handler
                0x0000000000005bec                PUKCC_Handler
                0x0000000000005bec                SERCOM2_1_Handler
                0x0000000000005bec                SERCOM1_2_Handler
                0x0000000000005bec                SERCOM3_0_Handler
                0x0000000000005bec                EIC_1_Handler
                0x0000000000005bec                SERCOM4_2_Handler
                0x0000000000005bec                EVSYS_4_Handler
                0x0000000000005bec                EIC_7_Handler
                0x0000000000005bec                NVMCTRL_1_Handler
                0x0000000000005bec                SERCOM5_2_Handler
                0x0000000000005bec                SERCOM3_3_Handler
                0x0000000000005bec                ADC0_1_Handler
                0x0000000000005bec                SERCOM2_2_Handler
                0x0000000000005bec                EIC_14_Handler
                0x0000000000005bec                DAC_1_Handler
                0x0000000000005bec                NVMCTRL_0_Handler
                0x0000000000005bec                MCLK_Handler
                0x0000000000005bec                EVSYS_2_Handler
                0x0000000000005bec                SUPC_0_Handler
                0x0000000000005bec                BusFault_Handler
                0x0000000000005bec                FREQM_Handler
                0x0000000000005bec                TC0_Handler
                0x0000000000005bec                TCC0_3_Handler
                0x0000000000005bec                DMAC_3_Handler
                0x0000000000005bec                DebugMonitor_Handler
                0x0000000000005bec                TCC0_4_Handler
                0x0000000000005bec                SERCOM2_0_Handler
                0x0000000000005bec                AES_Handler
                0x0000000000005bec                ICM_Handler
 *fill*         0x0000000000005bee        0x2 
 .text.Reset_Handler
                0x0000000000005bf0       0x78 samd51a/gcc/gcc/startup_samd51.o
                0x0000000000005bf0                Reset_Handler
 .text.atmel_start_init
                0x0000000000005c68       0x18 atmel_start.o
                0x0000000000005c68                atmel_start_init
 .text.usbdc_unconfig
                0x0000000000005c80       0x1c usb/device/usbdc.o
 .text.usbdc_change_notify
                0x0000000000005c9c       0x20 usb/device/usbdc.o
 .text.usbdc_request_handler
                0x0000000000005cbc       0x38 usb/device/usbdc.o
 .text.usbd_sof_cb
                0x0000000000005cf4       0x18 usb/device/usbdc.o
 .text.usbdc_cb_ctl_done
                0x0000000000005d0c       0x68 usb/device/usbdc.o
 .text.usbdc_reset
                0x0000000000005d74       0x58 usb/device/usbdc.o
                0x0000000000005d74                usbdc_reset
 .text.usbd_event_cb
                0x0000000000005dcc       0x18 usb/device/usbdc.o
 .text.usbdc_xfer
                0x0000000000005de4       0x20 usb/device/usbdc.o
                0x0000000000005de4                usbdc_xfer
 .text.usbdc_cb_ctl_req
                0x0000000000005e04      0x32c usb/device/usbdc.o
 .text.usbdc_register_handler
                0x0000000000006130       0x2c usb/device/usbdc.o
                0x0000000000006130                usbdc_register_handler
 .text.usbdc_init
                0x000000000000615c       0x5c usb/device/usbdc.o
                0x000000000000615c                usbdc_init
 .text.usbdc_register_function
                0x00000000000061b8       0x10 usb/device/usbdc.o
                0x00000000000061b8                usbdc_register_function
 .text.usbdc_start
                0x00000000000061c8       0x34 usb/device/usbdc.o
                0x00000000000061c8                usbdc_start
 .text.usbdc_attach
                0x00000000000061fc        0x8 usb/device/usbdc.o
                0x00000000000061fc                usbdc_attach
 .text.usbdc_get_ctrl_buffer
                0x0000000000006204        0xc usb/device/usbdc.o
                0x0000000000006204                usbdc_get_ctrl_buffer
 .text.usbdc_get_state
                0x0000000000006210       0x14 usb/device/usbdc.o
                0x0000000000006210                usbdc_get_state
 .text.atomic_enter_critical
                0x0000000000006224        0xe hal/src/hal_atomic.o
                0x0000000000006224                atomic_enter_critical
 .text.atomic_leave_critical
                0x0000000000006232        0xc hal/src/hal_atomic.o
                0x0000000000006232                atomic_leave_critical
 *fill*         0x000000000000623e        0x2 
 .text.Fdocon   0x0000000000006240       0x14 src/cf/forth.o
                0x0000000000006240                Fdocon
 .text.Fdovar   0x0000000000006254        0x8 src/cf/forth.o
                0x0000000000006254                Fdovar
 .text.Fdorom   0x000000000000625c       0x14 src/cf/forth.o
                0x000000000000625c                Fdorom
 .text.Fenter   0x0000000000006270       0x20 src/cf/forth.o
                0x0000000000006270                Fenter
 .text.Fdouser  0x0000000000006290       0x20 src/cf/forth.o
                0x0000000000006290                Fdouser
 .text.Fdocreate
                0x00000000000062b0       0x14 src/cf/forth.o
                0x00000000000062b0                Fdocreate
 .text.Fdobuilds
                0x00000000000062c4       0x20 src/cf/forth.o
                0x00000000000062c4                Fdobuilds
 .text.Fexit    0x00000000000062e4       0x18 src/cf/forth.o
                0x00000000000062e4                Fexit
 .text.Fexecute
                0x00000000000062fc       0x14 src/cf/forth.o
                0x00000000000062fc                Fexecute
 .text.Flit     0x0000000000006310       0x20 src/cf/forth.o
                0x0000000000006310                Flit
 .text.Fdup     0x0000000000006330       0x14 src/cf/forth.o
                0x0000000000006330                Fdup
 .text.Fqdup    0x0000000000006344       0x18 src/cf/forth.o
                0x0000000000006344                Fqdup
 .text.Fdrop    0x000000000000635c       0x10 src/cf/forth.o
                0x000000000000635c                Fdrop
 .text.Fswap    0x000000000000636c       0x14 src/cf/forth.o
                0x000000000000636c                Fswap
 .text.Fover    0x0000000000006380       0x14 src/cf/forth.o
                0x0000000000006380                Fover
 .text.Frot     0x0000000000006394       0x18 src/cf/forth.o
                0x0000000000006394                Frot
 .text.Fnip     0x00000000000063ac       0x14 src/cf/forth.o
                0x00000000000063ac                Fnip
 .text.Ftuck    0x00000000000063c0       0x1c src/cf/forth.o
                0x00000000000063c0                Ftuck
 .text.Ftor     0x00000000000063dc       0x20 src/cf/forth.o
                0x00000000000063dc                Ftor
 .text.Frfrom   0x00000000000063fc       0x20 src/cf/forth.o
                0x00000000000063fc                Frfrom
 .text.Frfetch  0x000000000000641c       0x1c src/cf/forth.o
                0x000000000000641c                Frfetch
 .text.Fspfetch
                0x0000000000006438       0x14 src/cf/forth.o
                0x0000000000006438                Fspfetch
 .text.Fspstore
                0x000000000000644c       0x10 src/cf/forth.o
                0x000000000000644c                Fspstore
 .text.Frpfetch
                0x000000000000645c       0x1c src/cf/forth.o
                0x000000000000645c                Frpfetch
 .text.Frpstore
                0x0000000000006478       0x18 src/cf/forth.o
                0x0000000000006478                Frpstore
 .text.Ffetch   0x0000000000006490       0x10 src/cf/forth.o
                0x0000000000006490                Ffetch
 .text.Fstore   0x00000000000064a0       0x18 src/cf/forth.o
                0x00000000000064a0                Fstore
 .text.Fcfetch  0x00000000000064b8       0x10 src/cf/forth.o
                0x00000000000064b8                Fcfetch
 .text.Fcstore  0x00000000000064c8       0x18 src/cf/forth.o
                0x00000000000064c8                Fcstore
 .text.Fplus    0x00000000000064e0       0x18 src/cf/forth.o
                0x00000000000064e0                Fplus
 .text.Fplusstore
                0x00000000000064f8       0x1c src/cf/forth.o
                0x00000000000064f8                Fplusstore
 .text.Fmplus   0x0000000000006514       0x2c src/cf/forth.o
                0x0000000000006514                Fmplus
 .text.Fminus   0x0000000000006540       0x18 src/cf/forth.o
                0x0000000000006540                Fminus
 .text.Fmult    0x0000000000006558       0x1c src/cf/forth.o
                0x0000000000006558                Fmult
 .text.Fdiv     0x0000000000006574       0x1c src/cf/forth.o
                0x0000000000006574                Fdiv
 .text.Fand     0x0000000000006590       0x18 src/cf/forth.o
                0x0000000000006590                Fand
 .text.For      0x00000000000065a8       0x18 src/cf/forth.o
                0x00000000000065a8                For
 .text.Fxor     0x00000000000065c0       0x18 src/cf/forth.o
                0x00000000000065c0                Fxor
 .text.Finvert  0x00000000000065d8       0x10 src/cf/forth.o
                0x00000000000065d8                Finvert
 .text.Fnegate  0x00000000000065e8       0x10 src/cf/forth.o
                0x00000000000065e8                Fnegate
 .text.Foneplus
                0x00000000000065f8       0x10 src/cf/forth.o
                0x00000000000065f8                Foneplus
 .text.Foneminus
                0x0000000000006608       0x10 src/cf/forth.o
                0x0000000000006608                Foneminus
 .text.Fswapbytes
                0x0000000000006618       0x14 src/cf/forth.o
                0x0000000000006618                Fswapbytes
 .text.Ftwostar
                0x000000000000662c       0x10 src/cf/forth.o
                0x000000000000662c                Ftwostar
 .text.Ftwoslash
                0x000000000000663c       0x10 src/cf/forth.o
                0x000000000000663c                Ftwoslash
 .text.Flshift  0x000000000000664c       0x18 src/cf/forth.o
                0x000000000000664c                Flshift
 .text.Frshift  0x0000000000006664       0x18 src/cf/forth.o
                0x0000000000006664                Frshift
 .text.Fzeroequal
                0x000000000000667c       0x18 src/cf/forth.o
                0x000000000000667c                Fzeroequal
 .text.Fzeroless
                0x0000000000006694       0x10 src/cf/forth.o
                0x0000000000006694                Fzeroless
 .text.Fequal   0x00000000000066a4       0x20 src/cf/forth.o
                0x00000000000066a4                Fequal
 .text.Fnotequal
                0x00000000000066c4       0x1c src/cf/forth.o
                0x00000000000066c4                Fnotequal
 .text.Fless    0x00000000000066e0       0x20 src/cf/forth.o
                0x00000000000066e0                Fless
 .text.Fgreater
                0x0000000000006700       0x20 src/cf/forth.o
                0x0000000000006700                Fgreater
 .text.Fuless   0x0000000000006720       0x20 src/cf/forth.o
                0x0000000000006720                Fuless
 .text.Fugreater
                0x0000000000006740       0x20 src/cf/forth.o
                0x0000000000006740                Fugreater
 .text.Fbranch  0x0000000000006760       0x10 src/cf/forth.o
                0x0000000000006760                Fbranch
 .text.Fxdo     0x0000000000006770       0x2c src/cf/forth.o
                0x0000000000006770                Fxdo
 .text.Fi       0x000000000000679c        0x8 src/cf/forth.o
                0x000000000000679c                Fi
 .text.Fj       0x00000000000067a4       0x1c src/cf/forth.o
                0x00000000000067a4                Fj
 .text.Funloop  0x00000000000067c0       0x10 src/cf/forth.o
                0x00000000000067c0                Funloop
 .text.Fumstar  0x00000000000067d0       0x18 src/cf/forth.o
                0x00000000000067d0                Fumstar
 .text.Fumslashmod
                0x00000000000067e8       0x2c src/cf/forth.o
                0x00000000000067e8                Fumslashmod
 .text.Ffill    0x0000000000006814       0x24 src/cf/forth.o
                0x0000000000006814                Ffill
 .text.Fcmove   0x0000000000006838       0x28 src/cf/forth.o
                0x0000000000006838                Fcmove
 .text.Fcmoveup
                0x0000000000006860       0x24 src/cf/forth.o
                0x0000000000006860                Fcmoveup
 .text.Fskip    0x0000000000006884       0x30 src/cf/forth.o
                0x0000000000006884                Fskip
 .text.Fscan    0x00000000000068b4       0x30 src/cf/forth.o
                0x00000000000068b4                Fscan
 .text.Fsequal  0x00000000000068e4       0x50 src/cf/forth.o
                0x00000000000068e4                Fsequal
 .text.Fkeyq    0x0000000000006934       0x18 src/cf/forth.o
                0x0000000000006934                Fkeyq
 .text.Fbye     0x000000000000694c        0xc src/cf/forth.o
                0x000000000000694c                Fbye
 .text.Fqbranch.part.0
                0x0000000000006958       0x10 src/cf/forth.o
 .text.Fqbranch
                0x0000000000006968       0x28 src/cf/forth.o
                0x0000000000006968                Fqbranch
 .text.Fxplusloop
                0x0000000000006990       0x50 src/cf/forth.o
                0x0000000000006990                Fxplusloop
 .text.Fxloop   0x00000000000069e0       0x30 src/cf/forth.o
                0x00000000000069e0                Fxloop
 .text.getKey   0x0000000000006a10       0x24 src/cf/forth.o
                0x0000000000006a10                getKey
 .text.Fkey     0x0000000000006a34       0x1c src/cf/forth.o
                0x0000000000006a34                Fkey
 .text.init_cutter
                0x0000000000006a50       0x14 src/cf/forth.o
                0x0000000000006a50                init_cutter
 .text.str_cut  0x0000000000006a64       0x34 src/cf/forth.o
                0x0000000000006a64                str_cut
 .text.slower   0x0000000000006a98       0x18 src/cf/forth.o
                0x0000000000006a98                slower
 .text.printf_cutter
                0x0000000000006ab0       0x2c src/cf/forth.o
                0x0000000000006ab0                printf_cutter
 .text.slicer   0x0000000000006adc       0x9c src/cf/forth.o
                0x0000000000006adc                slicer
 .text.cut_main
                0x0000000000006b78       0x1c src/cf/forth.o
                0x0000000000006b78                cut_main
 .text.Fdothh   0x0000000000006b94       0x50 src/cf/forth.o
                0x0000000000006b94                Fdothh
 .text.Fdothhhh
                0x0000000000006be4       0x50 src/cf/forth.o
                0x0000000000006be4                Fdothhhh
 .text.Fdots    0x0000000000006c34       0x94 src/cf/forth.o
                0x0000000000006c34                Fdots
 .text.Fdump    0x0000000000006cc8       0x98 src/cf/forth.o
                0x0000000000006cc8                Fdump
 .text.putch    0x0000000000006d60       0x14 src/cf/forth.o
                0x0000000000006d60                putch
 .text.Femit    0x0000000000006d74       0x18 src/cf/forth.o
                0x0000000000006d74                Femit
 .text.interpreter
                0x0000000000006d8c       0x4c src/cf/forth.o
                0x0000000000006d8c                interpreter
 .text.camelforth
                0x0000000000006dd8       0x3c src/cf/forth.o
                0x0000000000006dd8                camelforth
 .text.main_cf  0x0000000000006e14       0x14 main.o
                0x0000000000006e14                main_cf
 .text.startup.main
                0x0000000000006e28        0xc main.o
                0x0000000000006e28                main
 .text          0x0000000000006e34       0x30 /home/chris/dev/bin/../lib/gcc/arm-none-eabi/7.3.1/thumb/v7e-m/libgcc.a(_aeabi_uldivmod.o)
                0x0000000000006e34                __aeabi_uldivmod
 .text          0x0000000000006e64      0x2cc /home/chris/dev/bin/../lib/gcc/arm-none-eabi/7.3.1/thumb/v7e-m/libgcc.a(_udivmoddi4.o)
                0x0000000000006e64                __udivmoddi4
 .text          0x0000000000007130        0x4 /home/chris/dev/bin/../lib/gcc/arm-none-eabi/7.3.1/thumb/v7e-m/libgcc.a(_dvmd_tls.o)
                0x0000000000007130                __aeabi_ldiv0
                0x0000000000007130                __aeabi_idiv0
 .text.__libc_init_array
                0x0000000000007134       0x48 /home/chris/dev/bin/../lib/gcc/arm-none-eabi/7.3.1/../../../../arm-none-eabi/lib/thumb/v7e-m/libc_nano.a(lib_a-init.o)
                0x0000000000007134                __libc_init_array
 .text.memcpy   0x000000000000717c       0x16 /home/chris/dev/bin/../lib/gcc/arm-none-eabi/7.3.1/../../../../arm-none-eabi/lib/thumb/v7e-m/libc_nano.a(lib_a-memcpy-stub.o)
                0x000000000000717c                memcpy
 .text.memmove  0x0000000000007192       0x32 /home/chris/dev/bin/../lib/gcc/arm-none-eabi/7.3.1/../../../../arm-none-eabi/lib/thumb/v7e-m/libc_nano.a(lib_a-memmove.o)
                0x0000000000007192                memmove
 .text.memset   0x00000000000071c4       0x10 /home/chris/dev/bin/../lib/gcc/arm-none-eabi/7.3.1/../../../../arm-none-eabi/lib/thumb/v7e-m/libc_nano.a(lib_a-memset.o)
                0x00000000000071c4                memset
 .text.sprintf  0x00000000000071d4       0x40 /home/chris/dev/bin/../lib/gcc/arm-none-eabi/7.3.1/../../../../arm-none-eabi/lib/thumb/v7e-m/libc_nano.a(lib_a-sprintf.o)
                0x00000000000071d4                sprintf
                0x00000000000071d4                siprintf
 .text.strcpy   0x0000000000007214       0x10 /home/chris/dev/bin/../lib/gcc/arm-none-eabi/7.3.1/../../../../arm-none-eabi/lib/thumb/v7e-m/libc_nano.a(lib_a-strcpy.o)
                0x0000000000007214                strcpy
 .text          0x0000000000007224       0x10 /home/chris/dev/bin/../lib/gcc/arm-none-eabi/7.3.1/../../../../arm-none-eabi/lib/thumb/v7e-m/libc_nano.a(lib_a-strlen.o)
                0x0000000000007224                strlen
 .text._malloc_r
                0x0000000000007234       0xb4 /home/chris/dev/bin/../lib/gcc/arm-none-eabi/7.3.1/../../../../arm-none-eabi/lib/thumb/v7e-m/libc_nano.a(lib_a-nano-mallocr.o)
                0x0000000000007234                _malloc_r
 .text.__ssputs_r
                0x00000000000072e8       0xb4 /home/chris/dev/bin/../lib/gcc/arm-none-eabi/7.3.1/../../../../arm-none-eabi/lib/thumb/v7e-m/libc_nano.a(lib_a-nano-svfprintf.o)
                0x00000000000072e8                __ssputs_r
 .text._svfprintf_r
                0x000000000000739c      0x1f0 /home/chris/dev/bin/../lib/gcc/arm-none-eabi/7.3.1/../../../../arm-none-eabi/lib/thumb/v7e-m/libc_nano.a(lib_a-nano-svfprintf.o)
                0x000000000000739c                _svfprintf_r
                0x000000000000739c                _svfiprintf_r
 .text._printf_common
                0x000000000000758c       0xea /home/chris/dev/bin/../lib/gcc/arm-none-eabi/7.3.1/../../../../arm-none-eabi/lib/thumb/v7e-m/libc_nano.a(lib_a-nano-vfprintf_i.o)
                0x000000000000758c                _printf_common
 *fill*         0x0000000000007676        0x2 
 .text._printf_i
                0x0000000000007678      0x224 /home/chris/dev/bin/../lib/gcc/arm-none-eabi/7.3.1/../../../../arm-none-eabi/lib/thumb/v7e-m/libc_nano.a(lib_a-nano-vfprintf_i.o)
                0x0000000000007678                _printf_i
 .text._sbrk_r  0x000000000000789c       0x20 /home/chris/dev/bin/../lib/gcc/arm-none-eabi/7.3.1/../../../../arm-none-eabi/lib/thumb/v7e-m/libc_nano.a(lib_a-sbrkr.o)
                0x000000000000789c                _sbrk_r
 *fill*         0x00000000000078bc        0x4 
 .text          0x00000000000078c0       0xa0 /home/chris/dev/bin/../lib/gcc/arm-none-eabi/7.3.1/../../../../arm-none-eabi/lib/thumb/v7e-m/libc_nano.a(lib_a-memchr.o)
                0x00000000000078c0                memchr
 .text.__malloc_lock
                0x0000000000007960        0x2 /home/chris/dev/bin/../lib/gcc/arm-none-eabi/7.3.1/../../../../arm-none-eabi/lib/thumb/v7e-m/libc_nano.a(lib_a-mlock.o)
                0x0000000000007960                __malloc_lock
 .text.__malloc_unlock
                0x0000000000007962        0x2 /home/chris/dev/bin/../lib/gcc/arm-none-eabi/7.3.1/../../../../arm-none-eabi/lib/thumb/v7e-m/libc_nano.a(lib_a-mlock.o)
                0x0000000000007962                __malloc_unlock
 .text._free_r  0x0000000000007964       0x9c /home/chris/dev/bin/../lib/gcc/arm-none-eabi/7.3.1/../../../../arm-none-eabi/lib/thumb/v7e-m/libc_nano.a(lib_a-nano-freer.o)
                0x0000000000007964                _free_r
 .text._realloc_r
                0x0000000000007a00       0x4c /home/chris/dev/bin/../lib/gcc/arm-none-eabi/7.3.1/../../../../arm-none-eabi/lib/thumb/v7e-m/libc_nano.a(lib_a-nano-reallocr.o)
                0x0000000000007a00                _realloc_r
 .text._malloc_usable_size_r
                0x0000000000007a4c       0x10 /home/chris/dev/bin/../lib/gcc/arm-none-eabi/7.3.1/../../../../arm-none-eabi/lib/thumb/v7e-m/libc_nano.a(lib_a-nano-msizer.o)
                0x0000000000007a4c                _malloc_usable_size_r
 *(.glue_7t)
 .glue_7t       0x0000000000007a5c        0x0 linker stubs
 *(.glue_7)
 .glue_7        0x0000000000007a5c        0x0 linker stubs
 *(.rodata .rodata* .gnu.linkonce.r.*)
 .rodata        0x0000000000007a5c       0x24 hpl/usb/hpl_usb.o
 .rodata.str1.1
                0x0000000000007a80       0x1e hal/utils/src/utils_list.o
 .rodata.str1.1
                0x0000000000007a9e       0x16 usb/device/usbdc.o
 .rodata        0x0000000000007ab4     0x123e src/cf/forth.o
                0x0000000000007ab8                Hcold
                0x0000000000007acc                Hwords
                0x0000000000007ae0                Hdump
                0x0000000000007af4                Hdots
                0x0000000000007b04                Hdothhhh
                0x0000000000007b18                Hdothh
                0x0000000000007b2c                Hmarker
                0x0000000000007b40                Henvironmentq
                0x0000000000007b5c                Hdepth
                0x0000000000007b70                Hmove
                0x0000000000007b84                Hwithin
                0x0000000000007b98                Hleave
                0x0000000000007bac                Hplusloop
                0x0000000000007bc0                Hloop
                0x0000000000007bd4                Hendloop
                0x0000000000007bec                Hdo
                0x0000000000007bfc                Hlfrom
                0x0000000000007c0c                Htol
                0x0000000000007c1c                Hrepeat
                0x0000000000007c30                Hwhile
                0x0000000000007c44                Hagain
                0x0000000000007c58                Huntil
                0x0000000000007c6c                Hbegin
                0x0000000000007c80                Helse
                0x0000000000007c94                Hthen
                0x0000000000007ca8                Hif
                0x0000000000007cb8                Hcompile
                0x0000000000007cd0                Hpostpone
                0x0000000000007ce8                Hbrackettick
                0x0000000000007cfc                Hsemicolon
                0x0000000000007d0c                Hcolon
                0x0000000000007d1c                Himmediate
                0x0000000000007d34                Hreveal
                0x0000000000007d48                Hhide
                0x0000000000007d5c                Hrightbracket
                0x0000000000007d6c                Hleftbracket
                0x0000000000007d7c                Hrecurse
                0x0000000000007d94                Hdoes
                0x0000000000007da8                Hxdoes
                0x0000000000007dc0                Hcreate
                0x0000000000007dd4                Huser
                0x0000000000007de8                Hconstant
                0x0000000000007e00                Hvariable
                0x0000000000007e18                Hbuilds
                0x0000000000007e30                Hheader
                0x0000000000007e44                Hparen
                0x0000000000007e54                Hbracchar
                0x0000000000007e68                Hchar
                0x0000000000007e7c                Htick
                0x0000000000007e8c                Habortquote
                0x0000000000007ea0                Hqabort
                0x0000000000007eb4                Habort
                0x0000000000007ec8                Hquit
                0x0000000000007edc                Hevaluate
                0x0000000000007ef4                Hinterpret
                0x0000000000007f0c                Hqnumber
                0x0000000000007f24                Htonumber
                0x0000000000007f3c                Hqsign
                0x0000000000007f50                Hdigitq
                0x0000000000007f64                Hliteral
                0x0000000000007f7c                Hfind
                0x0000000000007f90                Himmedq
                0x0000000000007fa4                Hnfatocfa
                0x0000000000007fbc                Hnfatolfa
                0x0000000000007fd4                Hdotquote
                0x0000000000007fe4                Hsquote
                0x0000000000007ff4                Hxsquote
                0x0000000000008008                Hword
                0x000000000000801c                Hparse
                0x0000000000008030                Hadrtoin
                0x0000000000008044                Htocounted
                0x000000000000805c                Hslashstring
                0x0000000000008074                Hsource
                0x0000000000008088                Hhex
                0x000000000000809c                Hdecimal
                0x00000000000080b4                Hdot
                0x00000000000080c4                Hudot
                0x00000000000080d4                Hsign
                0x00000000000080e8                Hnumgreater
                0x00000000000080f8                Hnums
                0x0000000000008108                Hnum
                0x0000000000008118                Htodigit
                0x000000000000812c                Hlessnum
                0x000000000000813c                Hhold
                0x0000000000008150                Hudstar
                0x0000000000008164                Hudslashmod
                0x0000000000008178                Htype
                0x000000000000818c                Haccept
                0x00000000000081a0                Hspaces
                0x00000000000081b4                Hspace
                0x00000000000081c8                Hcr
                0x00000000000081d8                Hcount
                0x00000000000081ec                Hcells
                0x0000000000008200                Humin
                0x0000000000008214                Humax
                0x0000000000008228                Hmin
                0x000000000000823c                Hmax
                0x0000000000008250                Hstarslash
                0x0000000000008260                Hstarslashmod
                0x0000000000008274                Hmod
                0x0000000000008288                Hslash
                0x0000000000008298                Hslashmod
                0x00000000000082ac                Hstar
                0x00000000000082bc                Hfmslashmod
                0x00000000000082d0                Hsmslashrem
                0x00000000000082e4                Hmstar
                0x00000000000082f4                Hdabs
                0x0000000000008308                Hqdnegate
                0x0000000000008320                Hdnegate
                0x0000000000008338                Habs
                0x000000000000834c                Hqnegate
                0x0000000000008364                Hstod
                0x0000000000008378                Htwoover
                0x000000000000838c                Htwoswap
                0x00000000000083a0                Htwodup
                0x00000000000083b4                Htwodrop
                0x00000000000083c8                Htwostore
                0x00000000000083d8                Htwofetch
                0x00000000000083e8                Hcommanone
                0x00000000000083fc                Hstoredest
                0x0000000000008410                Hcommadest
                0x0000000000008424                Hcommabranch
                0x000000000000843c                Hcommaexit
                0x0000000000008450                Hstorecolon
                0x0000000000008464                Hcommacf
                0x0000000000008478                Hstorecf
                0x000000000000848c                Hcommaxt
                0x00000000000084a4                Htobody
                0x00000000000084b8                Hcharplus
                0x00000000000084cc                Hcellplus
                0x00000000000084e0                Halign
                0x00000000000084f4                Haligned
                0x000000000000850c                Hccomma
                0x000000000000851c                Hcomma
                0x000000000000852c                Hallot
                0x0000000000008540                Hhere
                0x0000000000008554                Hchars
                0x0000000000008568                Hcell
                0x000000000000857c                Hminusone
                0x000000000000858c                Hthree
                0x000000000000859c                Htwo
                0x00000000000085ac                Hone
                0x00000000000085bc                Hzero
                0x00000000000085cc                Hbl
                0x00000000000085dc                Htibsize
                0x00000000000085f4                Htib
                0x0000000000008608                Hr0
                0x0000000000008618                Hs0
                0x0000000000008628                Hl0
                0x0000000000008638                Hpad
                0x000000000000864c                Hninit
                0x0000000000008660                Huinit
                0x0000000000008674                Hnewest
                0x0000000000008688                Hlp
                0x0000000000008698                Hhp
                0x00000000000086a8                Hlatest
                0x00000000000086bc                Hticksource
                0x00000000000086d4                Hdp
                0x00000000000086e4                Hstate
                0x00000000000086f8                Hbase
                0x000000000000870c                Htoin
                0x0000000000008720                Hu0
                0x0000000000008730                Hbye
                0x0000000000008744                Hkeyq
                0x0000000000008758                Hemit
                0x000000000000876c                Hkey
                0x0000000000008780                Hnequal
                0x0000000000008790                Hsequal
                0x00000000000087a0                Hscan
                0x00000000000087b4                Hskip
                0x00000000000087c8                Hitod
                0x00000000000087dc                Hcmoveup
                0x00000000000087f0                Hcmove
                0x0000000000008804                Hfill
                0x0000000000008818                Humslashmod
                0x000000000000882c                Humstar
                0x0000000000008840                Hunloop
                0x0000000000008854                Hj
                0x0000000000008864                Hi
                0x0000000000008874                Hxdo
                0x0000000000008888                Hxloop
                0x000000000000889c                Hxplusloop
                0x00000000000088b4                Hqbranch
                0x00000000000088cc                Hbranch
                0x00000000000088e0                Hugreater
                0x00000000000088f0                Huless
                0x0000000000008900                Hgreater
                0x0000000000008910                Hless
                0x0000000000008920                Hnotequal
                0x0000000000008930                Hequal
                0x0000000000008940                Hzeroless
                0x0000000000008950                Hzeroequal
                0x0000000000008960                Hrshift
                0x0000000000008974                Hlshift
                0x0000000000008988                Htwoslash
                0x0000000000008998                Htwostar
                0x00000000000089a8                Hswapbytes
                0x00000000000089b8                Honeminus
                0x00000000000089c8                Honeplus
                0x00000000000089d8                Hnegate
                0x00000000000089ec                Hinvert
                0x0000000000008a00                Hxor
                0x0000000000008a14                Hor
                0x0000000000008a24                Hand
                0x0000000000008a38                Hdiv
                0x0000000000008a48                Hmult
                0x0000000000008a58                Hminus
                0x0000000000008a68                Hmplus
                0x0000000000008a78                Hplusstore
                0x0000000000008a88                Hplus
                0x0000000000008a98                Hhcstore
                0x0000000000008aac                Hhcfetch
                0x0000000000008ac0                Hhstore
                0x0000000000008ad0                Hhfetch
                0x0000000000008ae0                Hicstore
                0x0000000000008af4                Hicfetch
                0x0000000000008b08                Histore
                0x0000000000008b18                Hifetch
                0x0000000000008b28                Hcstore
                0x0000000000008b38                Hcfetch
                0x0000000000008b48                Hstore
                0x0000000000008b58                Hfetch
                0x0000000000008b68                Hrpstore
                0x0000000000008b7c                Hrpfetch
                0x0000000000008b90                Hspstore
                0x0000000000008ba4                Hspfetch
                0x0000000000008bb8                Hrfetch
                0x0000000000008bc8                Hrfrom
                0x0000000000008bd8                Htor
                0x0000000000008be8                Htuck
                0x0000000000008bfc                Hnip
                0x0000000000008c10                Hrot
                0x0000000000008c24                Hover
                0x0000000000008c38                Hswap
                0x0000000000008c4c                Hdrop
                0x0000000000008c60                Hqdup
                0x0000000000008c74                Hdup
                0x0000000000008c88                Hlit
                0x0000000000008c9c                Hexecute
                0x0000000000008cb4                Hexit
                0x0000000000008cc6                coldprompt
                0x0000000000008cea                huhprompt
                0x0000000000008ced                okprompt
 .rodata.str1.1
                0x0000000000008cf2       0x2b src/cf/forth.o
 *fill*         0x0000000000008d1d        0x3 
 .rodata.__sf_fake_stderr
                0x0000000000008d20       0x20 /home/chris/dev/bin/../lib/gcc/arm-none-eabi/7.3.1/../../../../arm-none-eabi/lib/thumb/v7e-m/libc_nano.a(lib_a-findfp.o)
                0x0000000000008d20                __sf_fake_stderr
 .rodata.__sf_fake_stdin
                0x0000000000008d40       0x20 /home/chris/dev/bin/../lib/gcc/arm-none-eabi/7.3.1/../../../../arm-none-eabi/lib/thumb/v7e-m/libc_nano.a(lib_a-findfp.o)
                0x0000000000008d40                __sf_fake_stdin
 .rodata.__sf_fake_stdout
                0x0000000000008d60       0x20 /home/chris/dev/bin/../lib/gcc/arm-none-eabi/7.3.1/../../../../arm-none-eabi/lib/thumb/v7e-m/libc_nano.a(lib_a-findfp.o)
                0x0000000000008d60                __sf_fake_stdout
 .rodata._svfprintf_r.str1.1
                0x0000000000008d80       0x11 /home/chris/dev/bin/../lib/gcc/arm-none-eabi/7.3.1/../../../../arm-none-eabi/lib/thumb/v7e-m/libc_nano.a(lib_a-nano-svfprintf.o)
 .rodata._printf_i.str1.1
                0x0000000000008d91       0x22 /home/chris/dev/bin/../lib/gcc/arm-none-eabi/7.3.1/../../../../arm-none-eabi/lib/thumb/v7e-m/libc_nano.a(lib_a-nano-vfprintf_i.o)
 *(.ARM.extab* .gnu.linkonce.armextab.*)
                0x0000000000008db4                . = ALIGN (0x4)
 *fill*         0x0000000000008db3        0x1 
 *(.init)
 .init          0x0000000000008db4        0x4 /home/chris/dev/bin/../lib/gcc/arm-none-eabi/7.3.1/thumb/v7e-m/crti.o
                0x0000000000008db4                _init
 .init          0x0000000000008db8        0x8 /home/chris/dev/bin/../lib/gcc/arm-none-eabi/7.3.1/thumb/v7e-m/crtn.o
                0x0000000000008dc0                . = ALIGN (0x4)
                0x0000000000008dc0                __preinit_array_start = .
 *(.preinit_array)
                0x0000000000008dc0                __preinit_array_end = .
                0x0000000000008dc0                . = ALIGN (0x4)
                0x0000000000008dc0                __init_array_start = .
 *(SORT_BY_NAME(.init_array.*))
 *(.init_array)
 .init_array    0x0000000000008dc0        0x4 /home/chris/dev/bin/../lib/gcc/arm-none-eabi/7.3.1/thumb/v7e-m/crtbegin.o
                0x0000000000008dc4                __init_array_end = .
                0x0000000000008dc4                . = ALIGN (0x4)
 *crtbegin.o(.ctors)
 *(EXCLUDE_FILE(*crtend.o) .ctors)
 *(SORT_BY_NAME(.ctors.*))
 *crtend.o(.ctors)
                0x0000000000008dc4                . = ALIGN (0x4)
 *(.fini)
 .fini          0x0000000000008dc4        0x4 /home/chris/dev/bin/../lib/gcc/arm-none-eabi/7.3.1/thumb/v7e-m/crti.o
                0x0000000000008dc4                _fini
 .fini          0x0000000000008dc8        0x8 /home/chris/dev/bin/../lib/gcc/arm-none-eabi/7.3.1/thumb/v7e-m/crtn.o
                0x0000000000008dd0                . = ALIGN (0x4)
                0x0000000000008dd0                __fini_array_start = .
 *(.fini_array)
 .fini_array    0x0000000000008dd0        0x4 /home/chris/dev/bin/../lib/gcc/arm-none-eabi/7.3.1/thumb/v7e-m/crtbegin.o
 *(SORT_BY_NAME(.fini_array.*))
                0x0000000000008dd4                __fini_array_end = .
 *crtbegin.o(.dtors)
 *(EXCLUDE_FILE(*crtend.o) .dtors)
 *(SORT_BY_NAME(.dtors.*))
 *crtend.o(.dtors)
                0x0000000000008dd4                . = ALIGN (0x4)
                0x0000000000008dd4                _efixed = .
                [!provide]                        PROVIDE (__exidx_start = .)

.vfp11_veneer   0x0000000000008dd4        0x0
 .vfp11_veneer  0x0000000000008dd4        0x0 linker stubs

.v4_bx          0x0000000000008dd4        0x0
 .v4_bx         0x0000000000008dd4        0x0 linker stubs

.iplt           0x0000000000008dd4        0x0
 .iplt          0x0000000000008dd4        0x0 /home/chris/dev/bin/../lib/gcc/arm-none-eabi/7.3.1/thumb/v7e-m/crtbegin.o

.igot.plt       0x0000000000008dd4        0x0
 .igot.plt      0x0000000000008dd4        0x0 /home/chris/dev/bin/../lib/gcc/arm-none-eabi/7.3.1/thumb/v7e-m/crtbegin.o

.ARM.exidx      0x0000000000008dd4        0x8
 *(.ARM.exidx* .gnu.linkonce.armexidx.*)
 .ARM.exidx     0x0000000000008dd4        0x8 /home/chris/dev/bin/../lib/gcc/arm-none-eabi/7.3.1/thumb/v7e-m/libgcc.a(_udivmoddi4.o)
                [!provide]                        PROVIDE (__exidx_end = .)

.eh_frame       0x0000000000008ddc        0x0
 .eh_frame      0x0000000000008ddc        0x0 /home/chris/dev/bin/../lib/gcc/arm-none-eabi/7.3.1/thumb/v7e-m/crtbegin.o

.rel.dyn        0x0000000000008ddc        0x0
 .rel.iplt      0x0000000000008ddc        0x0 /home/chris/dev/bin/../lib/gcc/arm-none-eabi/7.3.1/thumb/v7e-m/crtbegin.o
                0x0000000000008ddc                . = ALIGN (0x4)
                0x0000000000008ddc                _etext = .

.relocate       0x0000000020000000     0x1680 load address 0x0000000000008ddc
                0x0000000020000000                . = ALIGN (0x4)
                0x0000000020000000                _srelocate = .
 *(.ramfunc .ramfunc.*)
 *(.data .data.*)
 .data          0x0000000020000000        0x8 usb/class/cdc/device/cdcdf_acm.o
 .data          0x0000000020000008       0x5d usb_support.o
 *fill*         0x0000000020000065        0x3 
 .data          0x0000000020000068     0x15b4 src/cf/forth.o
                0x0000000020000068                Tcold
                0x0000000020000094                Twords
                0x00000000200000dc                Tmarker
                0x0000000020000148                Tenvironmentq
                0x0000000020000158                Tdepth
                0x0000000020000178                Tmove
                0x00000000200001bc                Twithin
                0x00000000200001dc                Tleave
                0x0000000020000208                Tplusloop
                0x000000002000021c                Tloop
                0x0000000020000230                Tendloop
                0x000000002000025c                Tdo
                0x000000002000027c                Tlfrom
                0x00000000200002a0                Ttol
                0x00000000200002c0                Trepeat
                0x00000000200002d0                Twhile
                0x00000000200002e0                Tagain
                0x00000000200002f8                Tuntil
                0x0000000020000310                Tbegin
                0x000000002000031c                Telse
                0x0000000020000340                Tthen
                0x0000000020000354                Tif
                0x0000000020000370                Tcompile
                0x0000000020000390                Tpostpone
                0x00000000200003f0                Tbrackettick
                0x000000002000040c                Tsemicolon
                0x0000000020000420                Tcolon
                0x0000000020000438                Timmediate
                0x000000002000045c                Treveal
                0x0000000020000474                Thide
                0x00000000200004a0                Trightbracket
                0x00000000200004b4                Tleftbracket
                0x00000000200004c8                Trecurse
                0x00000000200004e0                Tdoes
                0x0000000020000500                Txdoes
                0x0000000020000530                Tuser
                0x000000002000054c                Tconstant
                0x0000000020000568                Tvariable
                0x0000000020000594                Tbuilds
                0x00000000200005a0                Tcreate
                0x00000000200005c4                Theader
                0x000000002000061c                Tparen
                0x0000000020000634                Tbracchar
                0x0000000020000650                Tchar
                0x0000000020000668                Ttick
                0x0000000020000690                Tabortquote
                0x00000000200006a8                Tqabort
                0x00000000200006c8                Tabort
                0x00000000200006d8                Tquit
                0x0000000020000744                Tevaluate
                0x0000000020000788                Tinterpret
                0x0000000020000840                Tqnumber
                0x00000000200008a4                Ttonumber
                0x0000000020000908                Tqsign
                0x0000000020000958                Tdigitq
                0x00000000200009bc                Tliteral
                0x00000000200009e4                Tfind
                0x0000000020000a5c                Timmedq
                0x0000000020000a74                Tnfatocfa
                0x0000000020000a8c                Tnfatolfa
                0x0000000020000aa0                Tdotquote
                0x0000000020000ab8                Tsquote
                0x0000000020000ae8                Txsquote
                0x0000000020000b08                Tword
                0x0000000020000b58                Tparse
                0x0000000020000ba4                Tadrtoin
                0x0000000020000bd0                Ttocounted
                0x0000000020000bec                Tslashstring
                0x0000000020000c0c                Tsource
                0x0000000020000c1c                Thex
                0x0000000020000c34                Tdecimal
                0x0000000020000c4c                Tdot
                0x0000000020000c7c                Tudot
                0x0000000020000c9c                Tsign
                0x0000000020000cbc                Tnumgreater
                0x0000000020000ce0                Tnums
                0x0000000020000d00                Tnum
                0x0000000020000d20                Ttodigit
                0x0000000020000d54                Tlessnum
                0x0000000020000d6c                Thold
                0x0000000020000d8c                Tudstar
                0x0000000020000db8                Tudslashmod
                0x0000000020000de4                Ttype
                0x0000000020000e28                Taccept
                0x0000000020000ed4                Tspaces
                0x0000000020000efc                Tspace
                0x0000000020000f10                Tcr
                0x0000000020000f30                Tcount
                0x0000000020000f48                Tstorecolon
                0x0000000020000f6c                Tcells
                0x0000000020000f7c                Tumin
                0x0000000020000f9c                Tumax
                0x0000000020000fbc                Tmin
                0x0000000020000fdc                Tmax
                0x0000000020000ffc                Tstarslash
                0x000000002000100c                Tstarslashmod
                0x0000000020001024                Tmod
                0x0000000020001034                Tslash
                0x0000000020001044                Tslashmod
                0x000000002000105c                Tstar
                0x000000002000106c                Tfmslashmod
                0x00000000200010e8                Tsmslashrem
                0x0000000020001130                Tmstar
                0x0000000020001160                Tdabs
                0x0000000020001170                Tqdnegate
                0x0000000020001188                Tdnegate
                0x00000000200011a8                Tabs
                0x00000000200011b8                Tqnegate
                0x00000000200011d0                Tstod
                0x00000000200011e0                Ttwoover
                0x0000000020001200                Ttwoswap
                0x0000000020001218                Ttwodup
                0x0000000020001228                Ttwodrop
                0x0000000020001238                Ttwostore
                0x0000000020001254                Ttwofetch
                0x0000000020001270                Tcommanone
                0x0000000020001280                Tstoredest
                0x0000000020001298                Tcommadest
                0x00000000200012ac                Tcommabranch
                0x00000000200012b8                Tcommaexit
                0x00000000200012cc                Tcommacf
                0x00000000200012e4                Tstorecf
                0x00000000200012f0                Tcommaxt
                0x00000000200012fc                Ttobody
                0x0000000020001348                Tcharplus
                0x0000000020001358                Tcellplus
                0x0000000020001368                Talign
                0x0000000020001380                Taligned
                0x00000000200013a4                Tccomma
                0x00000000200013c0                Tcomma
                0x00000000200013d8                Tallot
                0x00000000200013e8                There
                0x00000000200013f8                Tchars
                0x0000000020001400                Tcell
                0x0000000020001408                Tminusone
                0x0000000020001410                Tthree
                0x0000000020001418                Ttwo
                0x0000000020001420                Tone
                0x0000000020001428                Tzero
                0x0000000020001430                Tbl
                0x0000000020001438                Ttibsize
                0x0000000020001440                Ttib
                0x0000000020001448                Tr0
                0x0000000020001450                Ts0
                0x0000000020001458                Tl0
                0x0000000020001460                Tpad
                0x0000000020001468                Tninit
                0x0000000020001470                Tuinit
                0x00000000200014a4                Tnewest
                0x00000000200014ac                Tlp
                0x00000000200014b4                Thp
                0x00000000200014bc                Tlatest
                0x00000000200014c4                Tticksource
                0x00000000200014cc                Tdp
                0x00000000200014d4                Tstate
                0x00000000200014dc                Tbase
                0x00000000200014e4                Ttoin
                0x00000000200014ec                Tu0
                0x00000000200014f4                Tbye
                0x00000000200014f8                Tdump
                0x00000000200014fc                Tdots
                0x0000000020001500                Tdothhhh
                0x0000000020001504                Tdothh
                0x0000000020001508                Tkeyq
                0x000000002000150c                Temit
                0x0000000020001510                Tkey
                0x0000000020001514                Tnequal
                0x0000000020001518                Tsequal
                0x000000002000151c                Tscan
                0x0000000020001520                Tskip
                0x0000000020001524                Titod
                0x0000000020001528                Tcmoveup
                0x000000002000152c                Tcmove
                0x0000000020001530                Tfill
                0x0000000020001534                Tumslashmod
                0x0000000020001538                Tumstar
                0x000000002000153c                Tunloop
                0x0000000020001540                Tj
                0x0000000020001544                Ti
                0x0000000020001548                Txdo
                0x000000002000154c                Txloop
                0x0000000020001550                Txplusloop
                0x0000000020001554                Tqbranch
                0x0000000020001558                Tbranch
                0x000000002000155c                Tugreater
                0x0000000020001560                Tuless
                0x0000000020001564                Tgreater
                0x0000000020001568                Tless
                0x000000002000156c                Tnotequal
                0x0000000020001570                Tequal
                0x0000000020001574                Tzeroless
                0x0000000020001578                Tzeroequal
                0x000000002000157c                Trshift
                0x0000000020001580                Tlshift
                0x0000000020001584                Ttwoslash
                0x0000000020001588                Ttwostar
                0x000000002000158c                Tswapbytes
                0x0000000020001590                Toneminus
                0x0000000020001594                Toneplus
                0x0000000020001598                Tnegate
                0x000000002000159c                Tinvert
                0x00000000200015a0                Txor
                0x00000000200015a4                Tor
                0x00000000200015a8                Tand
                0x00000000200015ac                Tdiv
                0x00000000200015b0                Tmult
                0x00000000200015b4                Tminus
                0x00000000200015b8                Tmplus
                0x00000000200015bc                Tplusstore
                0x00000000200015c0                Tplus
                0x00000000200015c4                Tcstore
                0x00000000200015c8                Tcfetch
                0x00000000200015cc                Tstore
                0x00000000200015d0                Tfetch
                0x00000000200015d4                Trpstore
                0x00000000200015d8                Trpfetch
                0x00000000200015dc                Tspstore
                0x00000000200015e0                Tspfetch
                0x00000000200015e4                Trfetch
                0x00000000200015e8                Trfrom
                0x00000000200015ec                Ttor
                0x00000000200015f0                Ttuck
                0x00000000200015f4                Tnip
                0x00000000200015f8                Trot
                0x00000000200015fc                Tover
                0x0000000020001600                Tswap
                0x0000000020001604                Tdrop
                0x0000000020001608                Tqdup
                0x000000002000160c                Tdup
                0x0000000020001610                Tlit
                0x0000000020001614                Texecute
                0x0000000020001618                Texit
 .data._impure_ptr
                0x000000002000161c        0x4 /home/chris/dev/bin/../lib/gcc/arm-none-eabi/7.3.1/../../../../arm-none-eabi/lib/thumb/v7e-m/libc_nano.a(lib_a-impure.o)
                0x000000002000161c                _impure_ptr
 .data.impure_data
                0x0000000020001620       0x60 /home/chris/dev/bin/../lib/gcc/arm-none-eabi/7.3.1/../../../../arm-none-eabi/lib/thumb/v7e-m/libc_nano.a(lib_a-impure.o)
                0x0000000020001680                . = ALIGN (0x4)
                0x0000000020001680                _erelocate = .

.bkupram        0x0000000047000000        0x0
                0x0000000047000000                . = ALIGN (0x8)
                0x0000000047000000                _sbkupram = .
 *(.bkupram .bkupram.*)
                0x0000000047000000                . = ALIGN (0x8)
                0x0000000047000000                _ebkupram = .

.qspi           0x0000000004000000        0x0
                0x0000000004000000                . = ALIGN (0x8)
                0x0000000004000000                _sqspi = .
 *(.qspi .qspi.*)
                0x0000000004000000                . = ALIGN (0x8)
                0x0000000004000000                _eqspi = .

.bss            0x0000000020001680     0x2c58 load address 0x000000000000a45c
                0x0000000020001680                . = ALIGN (0x4)
                0x0000000020001680                _sbss = .
                0x0000000020001680                _szero = .
 *(.bss .bss.*)
 .bss           0x0000000020001680       0x1c /home/chris/dev/bin/../lib/gcc/arm-none-eabi/7.3.1/thumb/v7e-m/crtbegin.o
 .bss           0x000000002000169c       0x24 usb/class/cdc/device/cdcdf_acm.o
 .bss           0x00000000200016c0        0x4 hal/utils/src/utils_syscalls.o
 .bss           0x00000000200016c4      0x1e8 hpl/usb/hpl_usb.o
 .bss           0x00000000200018ac       0x40 usb_support.o
 .bss           0x00000000200018ec       0x80 hal/src/hal_usb_device.o
 .bss           0x000000002000196c       0x20 usb/device/usbdc.o
 .bss           0x000000002000198c        0x4 src/cf/forth.o
                0x000000002000198c                length_print_string
 .bss.__malloc_free_list
                0x0000000020001990        0x4 /home/chris/dev/bin/../lib/gcc/arm-none-eabi/7.3.1/../../../../arm-none-eabi/lib/thumb/v7e-m/libc_nano.a(lib_a-nano-mallocr.o)
                0x0000000020001990                __malloc_free_list
 .bss.__malloc_sbrk_start
                0x0000000020001994        0x4 /home/chris/dev/bin/../lib/gcc/arm-none-eabi/7.3.1/../../../../arm-none-eabi/lib/thumb/v7e-m/libc_nano.a(lib_a-nano-mallocr.o)
                0x0000000020001994                __malloc_sbrk_start
 *(COMMON)
 COMMON         0x0000000020001998       0x10 usb_support.o
                0x0000000020001998                usbd_cdc_in_buffer
 COMMON         0x00000000200019a8       0x10 hpl/ramecc/hpl_ramecc.o
                0x00000000200019a8                device
 COMMON         0x00000000200019b8     0x291c src/cf/forth.o
                0x00000000200019b8                ip
                0x00000000200019bc                ROMDICT
                0x0000000020001dbc                rstack
                0x0000000020001ebc                lstack
                0x0000000020001f3c                pstack
                0x000000002000203c                tibarea
                0x0000000020002090                padarea
                0x00000000200020e4                instring
                0x0000000020002164                holdarea
                0x0000000020002188                rsp
                0x000000002000218c                run
                0x0000000020002190                uservars
                0x0000000020002210                RAMDICT
                0x0000000020004210                print_string
                0x0000000020004250                tempstring
                0x00000000200042d0                psp
 COMMON         0x00000000200042d4        0x4 /home/chris/dev/bin/../lib/gcc/arm-none-eabi/7.3.1/../../../../arm-none-eabi/lib/thumb/v7e-m/libc_nano.a(lib_a-reent.o)
                0x00000000200042d4                errno
                0x00000000200042d8                . = ALIGN (0x4)
                0x00000000200042d8                _ebss = .
                0x00000000200042d8                _ezero = .

.stack          0x00000000200042d8     0xc000 load address 0x000000000000d0b4
                0x00000000200042d8                . = ALIGN (0x8)
                0x00000000200042d8                _sstack = .
                0x00000000200102d8                . = (. + STACK_SIZE)
 *fill*         0x00000000200042d8     0xc000 
                0x00000000200102d8                . = ALIGN (0x8)
                0x00000000200102d8                _estack = .
                0x00000000200102d8                . = ALIGN (0x4)
                0x00000000200102d8                _end = .
OUTPUT(AtmelStart.elf elf32-littlearm)

.ARM.attributes
                0x0000000000000000       0x2e
 .ARM.attributes
                0x0000000000000000       0x1e /home/chris/dev/bin/../lib/gcc/arm-none-eabi/7.3.1/thumb/v7e-m/crti.o
 .ARM.attributes
                0x000000000000001e       0x2e /home/chris/dev/bin/../lib/gcc/arm-none-eabi/7.3.1/thumb/v7e-m/crtbegin.o
 .ARM.attributes
                0x000000000000004c       0x37 usb/class/cdc/device/cdcdf_acm.o
 .ARM.attributes
                0x0000000000000083       0x37 hal/utils/src/utils_syscalls.o
 .ARM.attributes
                0x00000000000000ba       0x37 hpl/usb/hpl_usb.o
 .ARM.attributes
                0x00000000000000f1       0x37 hal/utils/src/utils_list.o
 .ARM.attributes
                0x0000000000000128       0x37 hal/utils/src/utils_assert.o
 .ARM.attributes
                0x000000000000015f       0x37 usb_support.o
 .ARM.attributes
                0x0000000000000196       0x37 hpl/ramecc/hpl_ramecc.o
 .ARM.attributes
                0x00000000000001cd       0x37 usb/usb_protocol.o
 .ARM.attributes
                0x0000000000000204       0x37 hal/src/hal_usb_device.o
 .ARM.attributes
                0x000000000000023b       0x37 driver_init.o
 .ARM.attributes
                0x0000000000000272       0x37 samd51a/gcc/gcc/startup_samd51.o
 .ARM.attributes
                0x00000000000002a9       0x37 atmel_start.o
 .ARM.attributes
                0x00000000000002e0       0x37 usb/device/usbdc.o
 .ARM.attributes
                0x0000000000000317       0x37 hal/src/hal_atomic.o
 .ARM.attributes
                0x000000000000034e       0x37 src/cf/forth.o
 .ARM.attributes
                0x0000000000000385       0x37 main.o
 .ARM.attributes
                0x00000000000003bc       0x1e /home/chris/dev/bin/../lib/gcc/arm-none-eabi/7.3.1/thumb/v7e-m/libgcc.a(_aeabi_uldivmod.o)
 .ARM.attributes
                0x00000000000003da       0x2e /home/chris/dev/bin/../lib/gcc/arm-none-eabi/7.3.1/thumb/v7e-m/libgcc.a(_udivmoddi4.o)
 .ARM.attributes
                0x0000000000000408       0x1e /home/chris/dev/bin/../lib/gcc/arm-none-eabi/7.3.1/thumb/v7e-m/libgcc.a(_dvmd_tls.o)
 .ARM.attributes
                0x0000000000000426       0x2e /home/chris/dev/bin/../lib/gcc/arm-none-eabi/7.3.1/../../../../arm-none-eabi/lib/thumb/v7e-m/libc_nano.a(lib_a-impure.o)
 .ARM.attributes
                0x0000000000000454       0x2e /home/chris/dev/bin/../lib/gcc/arm-none-eabi/7.3.1/../../../../arm-none-eabi/lib/thumb/v7e-m/libc_nano.a(lib_a-init.o)
 .ARM.attributes
                0x0000000000000482       0x2e /home/chris/dev/bin/../lib/gcc/arm-none-eabi/7.3.1/../../../../arm-none-eabi/lib/thumb/v7e-m/libc_nano.a(lib_a-memcpy-stub.o)
 .ARM.attributes
                0x00000000000004b0       0x2e /home/chris/dev/bin/../lib/gcc/arm-none-eabi/7.3.1/../../../../arm-none-eabi/lib/thumb/v7e-m/libc_nano.a(lib_a-memmove.o)
 .ARM.attributes
                0x00000000000004de       0x2e /home/chris/dev/bin/../lib/gcc/arm-none-eabi/7.3.1/../../../../arm-none-eabi/lib/thumb/v7e-m/libc_nano.a(lib_a-memset.o)
 .ARM.attributes
                0x000000000000050c       0x2e /home/chris/dev/bin/../lib/gcc/arm-none-eabi/7.3.1/../../../../arm-none-eabi/lib/thumb/v7e-m/libc_nano.a(lib_a-sprintf.o)
 .ARM.attributes
                0x000000000000053a       0x2e /home/chris/dev/bin/../lib/gcc/arm-none-eabi/7.3.1/../../../../arm-none-eabi/lib/thumb/v7e-m/libc_nano.a(lib_a-strcpy.o)
 .ARM.attributes
                0x0000000000000568       0x17 /home/chris/dev/bin/../lib/gcc/arm-none-eabi/7.3.1/../../../../arm-none-eabi/lib/thumb/v7e-m/libc_nano.a(lib_a-strlen.o)
 .ARM.attributes
                0x000000000000057f       0x2e /home/chris/dev/bin/../lib/gcc/arm-none-eabi/7.3.1/../../../../arm-none-eabi/lib/thumb/v7e-m/libc_nano.a(lib_a-findfp.o)
 .ARM.attributes
                0x00000000000005ad       0x2e /home/chris/dev/bin/../lib/gcc/arm-none-eabi/7.3.1/../../../../arm-none-eabi/lib/thumb/v7e-m/libc_nano.a(lib_a-nano-mallocr.o)
 .ARM.attributes
                0x00000000000005db       0x2e /home/chris/dev/bin/../lib/gcc/arm-none-eabi/7.3.1/../../../../arm-none-eabi/lib/thumb/v7e-m/libc_nano.a(lib_a-nano-svfprintf.o)
 .ARM.attributes
                0x0000000000000609       0x2e /home/chris/dev/bin/../lib/gcc/arm-none-eabi/7.3.1/../../../../arm-none-eabi/lib/thumb/v7e-m/libc_nano.a(lib_a-nano-vfprintf_i.o)
 .ARM.attributes
                0x0000000000000637       0x2e /home/chris/dev/bin/../lib/gcc/arm-none-eabi/7.3.1/../../../../arm-none-eabi/lib/thumb/v7e-m/libc_nano.a(lib_a-sbrkr.o)
 .ARM.attributes
                0x0000000000000665       0x1c /home/chris/dev/bin/../lib/gcc/arm-none-eabi/7.3.1/../../../../arm-none-eabi/lib/thumb/v7e-m/libc_nano.a(lib_a-memchr.o)
 .ARM.attributes
                0x0000000000000681       0x2e /home/chris/dev/bin/../lib/gcc/arm-none-eabi/7.3.1/../../../../arm-none-eabi/lib/thumb/v7e-m/libc_nano.a(lib_a-mlock.o)
 .ARM.attributes
                0x00000000000006af       0x2e /home/chris/dev/bin/../lib/gcc/arm-none-eabi/7.3.1/../../../../arm-none-eabi/lib/thumb/v7e-m/libc_nano.a(lib_a-nano-freer.o)
 .ARM.attributes
                0x00000000000006dd       0x2e /home/chris/dev/bin/../lib/gcc/arm-none-eabi/7.3.1/../../../../arm-none-eabi/lib/thumb/v7e-m/libc_nano.a(lib_a-nano-reallocr.o)
 .ARM.attributes
                0x000000000000070b       0x2e /home/chris/dev/bin/../lib/gcc/arm-none-eabi/7.3.1/../../../../arm-none-eabi/lib/thumb/v7e-m/libc_nano.a(lib_a-reent.o)
 .ARM.attributes
                0x0000000000000739       0x2e /home/chris/dev/bin/../lib/gcc/arm-none-eabi/7.3.1/../../../../arm-none-eabi/lib/thumb/v7e-m/libc_nano.a(lib_a-nano-msizer.o)
 .ARM.attributes
                0x0000000000000767       0x1e /home/chris/dev/bin/../lib/gcc/arm-none-eabi/7.3.1/thumb/v7e-m/crtn.o

.comment        0x0000000000000000       0x7f
 .comment       0x0000000000000000       0x7f usb/class/cdc/device/cdcdf_acm.o
                                         0x80 (size before relaxing)
 .comment       0x000000000000007f       0x80 hal/utils/src/utils_syscalls.o
 .comment       0x000000000000007f       0x80 hpl/usb/hpl_usb.o
 .comment       0x000000000000007f       0x80 hal/utils/src/utils_list.o
 .comment       0x000000000000007f       0x80 hal/utils/src/utils_assert.o
 .comment       0x000000000000007f       0x80 usb_support.o
 .comment       0x000000000000007f       0x80 hpl/ramecc/hpl_ramecc.o
 .comment       0x000000000000007f       0x80 usb/usb_protocol.o
 .comment       0x000000000000007f       0x80 hal/src/hal_usb_device.o
 .comment       0x000000000000007f       0x80 driver_init.o
 .comment       0x000000000000007f       0x80 samd51a/gcc/gcc/startup_samd51.o
 .comment       0x000000000000007f       0x80 atmel_start.o
 .comment       0x000000000000007f       0x80 usb/device/usbdc.o
 .comment       0x000000000000007f       0x80 hal/src/hal_atomic.o
 .comment       0x000000000000007f       0x80 src/cf/forth.o
 .comment       0x000000000000007f       0x80 main.o

.debug_info     0x0000000000000000    0x1910c
 .debug_info    0x0000000000000000     0x15d8 usb/class/cdc/device/cdcdf_acm.o
 .debug_info    0x00000000000015d8      0xc94 hal/utils/src/utils_syscalls.o
 .debug_info    0x000000000000226c     0x8143 hpl/usb/hpl_usb.o
 .debug_info    0x000000000000a3af      0x30a hal/utils/src/utils_list.o
 .debug_info    0x000000000000a6b9      0x11d hal/utils/src/utils_assert.o
 .debug_info    0x000000000000a7d6      0xd87 usb_support.o
 .debug_info    0x000000000000b55d      0xaf9 hpl/ramecc/hpl_ramecc.o
 .debug_info    0x000000000000c056      0xd2e usb/usb_protocol.o
 .debug_info    0x000000000000cd84     0x1c13 hal/src/hal_usb_device.o
 .debug_info    0x000000000000e997     0x213f driver_init.o
 .debug_info    0x0000000000010ad6      0xbb7 samd51a/gcc/gcc/startup_samd51.o
 .debug_info    0x000000000001168d      0x91f atmel_start.o
 .debug_info    0x0000000000011fac     0x208f usb/device/usbdc.o
 .debug_info    0x000000000001403b      0x1db hal/src/hal_atomic.o
 .debug_info    0x0000000000014216     0x4587 src/cf/forth.o
 .debug_info    0x000000000001879d      0x96f main.o

.debug_abbrev   0x0000000000000000     0x3074
 .debug_abbrev  0x0000000000000000      0x465 usb/class/cdc/device/cdcdf_acm.o
 .debug_abbrev  0x0000000000000465      0x274 hal/utils/src/utils_syscalls.o
 .debug_abbrev  0x00000000000006d9      0x670 hpl/usb/hpl_usb.o
 .debug_abbrev  0x0000000000000d49      0x154 hal/utils/src/utils_list.o
 .debug_abbrev  0x0000000000000e9d       0x9c hal/utils/src/utils_assert.o
 .debug_abbrev  0x0000000000000f39      0x320 usb_support.o
 .debug_abbrev  0x0000000000001259      0x2e3 hpl/ramecc/hpl_ramecc.o
 .debug_abbrev  0x000000000000153c      0x2b0 usb/usb_protocol.o
 .debug_abbrev  0x00000000000017ec      0x4cf hal/src/hal_usb_device.o
 .debug_abbrev  0x0000000000001cbb      0x2f7 driver_init.o
 .debug_abbrev  0x0000000000001fb2      0x18a samd51a/gcc/gcc/startup_samd51.o
 .debug_abbrev  0x000000000000213c      0x1dd atmel_start.o
 .debug_abbrev  0x0000000000002319      0x48a usb/device/usbdc.o
 .debug_abbrev  0x00000000000027a3      0x153 hal/src/hal_atomic.o
 .debug_abbrev  0x00000000000028f6      0x57d src/cf/forth.o
 .debug_abbrev  0x0000000000002e73      0x201 main.o

.debug_loc      0x0000000000000000     0x6eaa
 .debug_loc     0x0000000000000000      0x67c usb/class/cdc/device/cdcdf_acm.o
 .debug_loc     0x000000000000067c       0xfd hal/utils/src/utils_syscalls.o
 .debug_loc     0x0000000000000779     0x3689 hpl/usb/hpl_usb.o
 .debug_loc     0x0000000000003e02      0x16c hal/utils/src/utils_list.o
 .debug_loc     0x0000000000003f6e       0x84 usb_support.o
 .debug_loc     0x0000000000003ff2       0xf3 hpl/ramecc/hpl_ramecc.o
 .debug_loc     0x00000000000040e5      0x265 usb/usb_protocol.o
 .debug_loc     0x000000000000434a      0xb7c hal/src/hal_usb_device.o
 .debug_loc     0x0000000000004ec6      0x5f6 driver_init.o
 .debug_loc     0x00000000000054bc       0x43 samd51a/gcc/gcc/startup_samd51.o
 .debug_loc     0x00000000000054ff      0xc48 usb/device/usbdc.o
 .debug_loc     0x0000000000006147       0x13 hal/src/hal_atomic.o
 .debug_loc     0x000000000000615a      0xd50 src/cf/forth.o

.debug_aranges  0x0000000000000000      0x908
 .debug_aranges
                0x0000000000000000       0x70 usb/class/cdc/device/cdcdf_acm.o
 .debug_aranges
                0x0000000000000070       0x60 hal/utils/src/utils_syscalls.o
 .debug_aranges
                0x00000000000000d0      0x148 hpl/usb/hpl_usb.o
 .debug_aranges
                0x0000000000000218       0x48 hal/utils/src/utils_list.o
 .debug_aranges
                0x0000000000000260       0x20 hal/utils/src/utils_assert.o
 .debug_aranges
                0x0000000000000280       0x48 usb_support.o
 .debug_aranges
                0x00000000000002c8       0x30 hpl/ramecc/hpl_ramecc.o
 .debug_aranges
                0x00000000000002f8       0x48 usb/usb_protocol.o
 .debug_aranges
                0x0000000000000340      0x100 hal/src/hal_usb_device.o
 .debug_aranges
                0x0000000000000440       0x40 driver_init.o
 .debug_aranges
                0x0000000000000480       0x28 samd51a/gcc/gcc/startup_samd51.o
 .debug_aranges
                0x00000000000004a8       0x20 atmel_start.o
 .debug_aranges
                0x00000000000004c8       0xe0 usb/device/usbdc.o
 .debug_aranges
                0x00000000000005a8       0x30 hal/src/hal_atomic.o
 .debug_aranges
                0x00000000000005d8      0x300 src/cf/forth.o
 .debug_aranges
                0x00000000000008d8       0x30 main.o

.debug_ranges   0x0000000000000000     0x1318
 .debug_ranges  0x0000000000000000       0xf8 usb/class/cdc/device/cdcdf_acm.o
 .debug_ranges  0x00000000000000f8       0x50 hal/utils/src/utils_syscalls.o
 .debug_ranges  0x0000000000000148      0x770 hpl/usb/hpl_usb.o
 .debug_ranges  0x00000000000008b8       0x50 hal/utils/src/utils_list.o
 .debug_ranges  0x0000000000000908       0x10 hal/utils/src/utils_assert.o
 .debug_ranges  0x0000000000000918       0x38 usb_support.o
 .debug_ranges  0x0000000000000950       0x50 hpl/ramecc/hpl_ramecc.o
 .debug_ranges  0x00000000000009a0       0x38 usb/usb_protocol.o
 .debug_ranges  0x00000000000009d8      0x190 hal/src/hal_usb_device.o
 .debug_ranges  0x0000000000000b68      0x108 driver_init.o
 .debug_ranges  0x0000000000000c70       0x18 samd51a/gcc/gcc/startup_samd51.o
 .debug_ranges  0x0000000000000c88       0x10 atmel_start.o
 .debug_ranges  0x0000000000000c98      0x218 usb/device/usbdc.o
 .debug_ranges  0x0000000000000eb0       0x20 hal/src/hal_atomic.o
 .debug_ranges  0x0000000000000ed0      0x408 src/cf/forth.o
 .debug_ranges  0x00000000000012d8       0x40 main.o

.debug_macro    0x0000000000000000     0x80ce
 .debug_macro   0x0000000000000000      0x71b usb/class/cdc/device/cdcdf_acm.o
 .debug_macro   0x000000000000071b       0x5e usb/class/cdc/device/cdcdf_acm.o
 .debug_macro   0x0000000000000779       0x18 usb/class/cdc/device/cdcdf_acm.o
 .debug_macro   0x0000000000000791       0x35 usb/class/cdc/device/cdcdf_acm.o
 .debug_macro   0x00000000000007c6       0x34 usb/class/cdc/device/cdcdf_acm.o
 .debug_macro   0x00000000000007fa       0x58 usb/class/cdc/device/cdcdf_acm.o
 .debug_macro   0x0000000000000852       0x1f usb/class/cdc/device/cdcdf_acm.o
 .debug_macro   0x0000000000000871       0x43 usb/class/cdc/device/cdcdf_acm.o
 .debug_macro   0x00000000000008b4       0x20 usb/class/cdc/device/cdcdf_acm.o
 .debug_macro   0x00000000000008d4      0x18e usb/class/cdc/device/cdcdf_acm.o
 .debug_macro   0x0000000000000a62      0x353 usb/class/cdc/device/cdcdf_acm.o
 .debug_macro   0x0000000000000db5       0x10 usb/class/cdc/device/cdcdf_acm.o
 .debug_macro   0x0000000000000dc5       0x35 usb/class/cdc/device/cdcdf_acm.o
 .debug_macro   0x0000000000000dfa       0x76 usb/class/cdc/device/cdcdf_acm.o
 .debug_macro   0x0000000000000e70      0x11b usb/class/cdc/device/cdcdf_acm.o
 .debug_macro   0x0000000000000f8b       0xd1 usb/class/cdc/device/cdcdf_acm.o
 .debug_macro   0x000000000000105c       0xee usb/class/cdc/device/cdcdf_acm.o
 .debug_macro   0x000000000000114a      0x12b usb/class/cdc/device/cdcdf_acm.o
 .debug_macro   0x0000000000001275      0x256 usb/class/cdc/device/cdcdf_acm.o
 .debug_macro   0x00000000000014cb      0x1e3 hal/utils/src/utils_syscalls.o
 .debug_macro   0x00000000000016ae       0x58 hal/utils/src/utils_syscalls.o
 .debug_macro   0x0000000000001706       0x94 hal/utils/src/utils_syscalls.o
 .debug_macro   0x000000000000179a       0x16 hal/utils/src/utils_syscalls.o
 .debug_macro   0x00000000000017b0       0x57 hal/utils/src/utils_syscalls.o
 .debug_macro   0x0000000000001807       0x97 hal/utils/src/utils_syscalls.o
 .debug_macro   0x000000000000189e       0xf6 hal/utils/src/utils_syscalls.o
 .debug_macro   0x0000000000001994       0x10 hal/utils/src/utils_syscalls.o
 .debug_macro   0x00000000000019a4       0x10 hal/utils/src/utils_syscalls.o
 .debug_macro   0x00000000000019b4       0x1c hal/utils/src/utils_syscalls.o
 .debug_macro   0x00000000000019d0       0x52 hal/utils/src/utils_syscalls.o
 .debug_macro   0x0000000000001a22       0x40 hal/utils/src/utils_syscalls.o
 .debug_macro   0x0000000000001a62       0x10 hal/utils/src/utils_syscalls.o
 .debug_macro   0x0000000000001a72       0x40 hal/utils/src/utils_syscalls.o
 .debug_macro   0x0000000000001ab2       0xd7 hal/utils/src/utils_syscalls.o
 .debug_macro   0x0000000000001b89       0x1c hal/utils/src/utils_syscalls.o
 .debug_macro   0x0000000000001ba5       0x3d hal/utils/src/utils_syscalls.o
 .debug_macro   0x0000000000001be2       0x16 hal/utils/src/utils_syscalls.o
 .debug_macro   0x0000000000001bf8      0x16f hal/utils/src/utils_syscalls.o
 .debug_macro   0x0000000000001d67       0x4c hal/utils/src/utils_syscalls.o
 .debug_macro   0x0000000000001db3       0x16 hal/utils/src/utils_syscalls.o
 .debug_macro   0x0000000000001dc9       0x10 hal/utils/src/utils_syscalls.o
 .debug_macro   0x0000000000001dd9       0x10 hal/utils/src/utils_syscalls.o
 .debug_macro   0x0000000000001de9       0x35 hal/utils/src/utils_syscalls.o
 .debug_macro   0x0000000000001e1e      0x122 hal/utils/src/utils_syscalls.o